
> wise-resume@2.4.0 test
> vitest run


[1m[46m RUN [49m[22m [36mv3.2.4 [39m[90mM:/Repo/wiseresume-74945019[39m

 [32mΓ£ô[39m src/lib/ai/fixHelpers.test.ts [2m([22m[2m9 tests[22m[2m)[22m[32m 14[2mms[22m[39m
 [32mΓ£ô[39m src/lib/dateUtils.test.ts [2m([22m[2m16 tests[22m[2m)[22m[32m 25[2mms[22m[39m
 [32mΓ£ô[39m src/lib/diffUtils.test.ts [2m([22m[2m16 tests[22m[2m)[22m[32m 26[2mms[22m[39m
 [32mΓ£ô[39m src/lib/navigation.test.ts [2m([22m[2m14 tests[22m[2m)[22m[32m 14[2mms[22m[39m
[90mstdout[2m | src/lib/pdf/sectionParsers.test.ts[2m > [22m[2mextractDateRange[2m > [22m[2mbenchmark performance
[22m[39m
Benchmark Results:
Iterations: 10000 x 7 calls
Total Time: 51.87ms
Average per call: 0.0007ms


 [32mΓ£ô[39m src/lib/__tests__/resumeCompletionRules.test.ts [2m([22m[2m27 tests[22m[2m)[22m[32m 17[2mms[22m[39m
 [32mΓ£ô[39m src/lib/pdf/sectionParsers.test.ts [2m([22m[2m4 tests[22m[2m)[22m[32m 68[2mms[22m[39m
node.exe : [90mstderr[2m | src/integrations/supabase/safeClient.test.ts[2m > 
[22m[2msafeClient[2m > [22m[2mshould initialize supabase client when env vars 
are present
At line:1 char:1
+ & "C:\Program Files\nodejs/node.exe" "C:\Program Files\nodejs/node_mo ...
+ ~~~~~~~~~~~~~~~~~~~~~~~~~~~~~~~~~~~~~~~~~~~~~~~~~~~~~~~~~~~~~~~~~~~~~
    + CategoryInfo          : NotSpecified: ([90mstderr[2m...ars are present:Strin 
   g) [], RemoteException
    + FullyQualifiedErrorId : NativeCommandError
 
[22m[39mGoTrueClient@sb-jnsfmkzgxsviuthaqlyy-auth-token:1 (2.93.3) 
2026-03-12T23:28:20.861Z Multiple GoTrueClient instances detected in the same 
browser context. It is not an error, but this should be avoided as it may produce 
undefined behavior when used concurrently under the same storage key.

 [32mΓ£ô[39m src/integrations/supabase/safeClient.test.ts [2m([22m[2m2 tests[22m[2m)[22m[33m 318[2mms[22m[39m
[90mstderr[2m | src/components/layout/__tests__/ProtectedRoute.test.tsx[2m > 
[22m[2mProtectedRoute[2m > [22m[2mrenders loading skeleton when loading is true
[22m[39mΓÜá∩╕Å React Router Future Flag Warning: React Router will begin wrapping 
state updates in `React.startTransition` in v7. You can use the `v7_startTransition` 
future flag to opt-in early. For more information, see 
https://reactrouter.com/v6/upgrading/future#v7_starttransition.
ΓÜá∩╕Å React Router Future Flag Warning: Relative route resolution within Splat 
routes is changing in v7. You can use the `v7_relativeSplatPath` future flag to 
opt-in early. For more information, see 
https://reactrouter.com/v6/upgrading/future#v7_relativesplatpath.

 [32mΓ£ô[39m src/components/layout/__tests__/ProtectedRoute.test.tsx [2m([22m[2m3 tests[22m[2m)[22m[32m 111[2mms[22m[39m
[90mstderr[2m | src/lib/pdfGenerator.test.ts[2m > [22m[2mpdfGenerator[2m > 
[22m[2mgeneratePDF[2m > [22m[2mshould handle missing template element by 
throwing error
[22m[39mPDF Generator: No template element found

[90mstderr[2m | src/lib/pdfGenerator.test.ts[2m > [22m[2mpdfGenerator[2m > 
[22m[2mgetTemplateSourceElement[2m > [22m[2mshould throw if not found
[22m[39mPDF Generator: No template element found

 [32mΓ£ô[39m src/lib/pdfGenerator.test.ts [2m([22m[2m8 tests[22m[2m)[22m[33m 435[2mms[22m[39m
   [33m[2mΓ£ô[22m[39m pdfGenerator[2m > [22mgeneratePDF[2m > [22mshould generate a PDF blob [33m 382[2mms[22m[39m
 [32mΓ£ô[39m src/components/upload/UploadZone.test.tsx [2m([22m[2m6 tests[22m[2m)[22m[32m 277[2mms[22m[39m
 [32mΓ£ô[39m src/components/interview/__tests__/InterviewSetup.test.tsx [2m([22m[2m4 tests[22m[2m)[22m[33m 300[2mms[22m[39m
 [32mΓ£ô[39m src/test/example.test.ts [2m([22m[2m1 test[22m[2m)[22m[32m 5[2mms[22m[39m
 [32mΓ£ô[39m src/lib/sectionHelpers.test.ts [2m([22m[2m13 tests[22m[2m)[22m[32m 11[2mms[22m[39m
 [32mΓ£ô[39m src/lib/__tests__/jobMatchScorer.test.ts [2m([22m[2m7 tests[22m[2m)[22m[32m 10[2mms[22m[39m

[2m Test Files [22m [1m[32m14 passed[39m[22m[90m (14)[39m
[2m      Tests [22m [1m[32m130 passed[39m[22m[90m (130)[39m
[2m   Start at [22m 01:28:16
[2m   Duration [22m 5.89s[2m (transform 1.33s, setup 3.39s, collect 6.44s, tests 1.63s, environment 22.61s, prepare 9.00s)[22m

