// Vitest Snapshot v1, https://vitest.dev/guide/snapshot.html

exports[`Export pipeline integration — DOM-clone simulation > capture document DOM snapshot — regression guard for page-break and icon output 1`] = `"<div data-resume-template="true" style="width: 612px;"><div data-section="contact"><span class="flex items-center gap-1"><img src="data:image/svg+xml;base64,PHN2ZyB4bWxucz0iaHR0cDovL3d3dy53My5vcmcvMjAwMC9zdmciIHdpZHRoPSIxNiIgaGVpZ2h0PSIxNiIgeG1sbnM9Imh0dHA6Ly93d3cudzMub3JnLzIwMDAvc3ZnIiB2aWV3Qm94PSIwIDAgMTYgMTYiIGRhdGEtcGRmLXc9IjE2IiBkYXRhLXBkZi1oPSIxNiIgZGF0YS1wZGYtY29sb3I9InJnYigwLCAwLCAwKSIvPg==" style="width: 16px; height: 16px; max-width: 16px; max-height: 16px; flex-shrink: 0; display: inline; vertical-align: middle; align-self: center; margin: 0px; padding: 0px;"><span>jane@example.com</span></span></div><div data-section="experience">Experience content</div></div>"`;
